******************************************************************************
                  TI ARM Linker PC v20.2.4                     
******************************************************************************
>> Linked Sat May 15 10:08:22 2021

OUTPUT FILE NAME:   <I2C_Config.out>
ENTRY POINT SYMBOL: "_c_int00_noargs"  address: 00001d8d


MEMORY CONFIGURATION

         name            origin    length      used     unused   attr    fill
----------------------  --------  ---------  --------  --------  ----  --------
  FLASH                 00000000   00040000  000021ea  0003de16  R  X
  SRAM                  20000000   00008000  0000046c  00007b94  RW X


SEGMENT ALLOCATION MAP

run origin  load origin   length   init length attrs members
----------  ----------- ---------- ----------- ----- -------
00000000    00000000    000021ec   000021ec    r-x
  00000000    00000000    0000026c   0000026c    r-- .intvecs
  0000026c    0000026c    00001b8a   00001b8a    r-x .text
  00001df8    00001df8    000003e0   000003e0    r-- .const
  000021d8    000021d8    00000014   00000014    r-- .cinit
20000000    20000000    00000470   00000000    rw-
  20000000    20000000    0000026c   00000000    rw- .vtable
  20000270    20000270    00000200   00000000    rw- .stack


SECTION ALLOCATION MAP

 output                                  attributes/
section   page    origin      length       input sections
--------  ----  ----------  ----------   ----------------
.intvecs   0    00000000    0000026c     
                  00000000    0000026c     tm4c123gh6pm_startup_ccs.obj (.intvecs)

.text      0    0000026c    00001b8a     
                  0000026c    00000f80     sysctl.obj (.text)
                  000011ec    000006f8     i2c.obj (.text)
                  000018e4    000003c0     interrupt.obj (.text)
                  00001ca4    00000064     main.obj (.text)
                  00001d08    00000044     rtsv7M4_T_le_v4SPD16_eabi.lib : autoinit.c.obj (.text:__TI_auto_init_nobinit_nopinit:__TI_auto_init_nobinit_nopinit)
                  00001d4c    0000003e     cpu.obj (.text)
                  00001d8a    00000002     --HOLE-- [fill = 0]
                  00001d8c    00000034     rtsv7M4_T_le_v4SPD16_eabi.lib : boot_cortex_m.c.obj (.text:_c_int00_noargs:_c_int00_noargs)
                  00001dc0    0000001c                                   : copy_zero_init.c.obj (.text:decompress:ZI:__TI_zero_init_nomemset:__TI_zero_init_nomemset)
                  00001ddc    0000000c     tm4c123gh6pm_startup_ccs.obj (.text)
                  00001de8    00000006     sysctl.obj (.text:SysCtlDelay)
                  00001dee    00000004     rtsv7M4_T_le_v4SPD16_eabi.lib : pre_init.c.obj (.text:_system_pre_init)
                  00001df2    00000004                                   : exit.c.obj (.text:abort:abort)

.const     0    00001df8    000003e0     
                  00001df8    000001b0     sysctl.obj (.const:g_pppui32XTALtoVCO)
                  00001fa8    0000009c     interrupt.obj (.const:g_pui32Regs)
                  00002044    0000006c     sysctl.obj (.const:g_pui32Xtals)
                  000020b0    00000050     i2c.obj (.const:g_ppui32I2CIntMapSnowflake)
                  00002100    00000030     i2c.obj (.const:g_ppui32I2CIntMap)
                  00002130    00000030     sysctl.obj (.const:g_sXTALtoMEMTIM)
                  00002160    00000020     interrupt.obj (.const:g_pui32Priority)
                  00002180    00000014     interrupt.obj (.const:g_pui32Dii16Regs)
                  00002194    00000014     interrupt.obj (.const:g_pui32EnRegs)
                  000021a8    00000014     interrupt.obj (.const:g_pui32PendRegs)
                  000021bc    00000014     interrupt.obj (.const:g_pui32UnpendRegs)
                  000021d0    00000008     sysctl.obj (.const:g_pui32VCOFrequencies)

.cinit     0    000021d8    00000014     
                  000021d8    00000008     (.cinit..vtable.load) [load image, compression = zero_init]
                  000021e0    00000004     (__TI_handler_table)
                  000021e4    00000008     (__TI_cinit_table)

.init_array 
*          0    00000000    00000000     UNINITIALIZED

.vtable    0    20000000    0000026c     UNINITIALIZED
                  20000000    0000026c     interrupt.obj (.vtable)

.stack     0    20000270    00000200     UNINITIALIZED
                  20000270    00000004     rtsv7M4_T_le_v4SPD16_eabi.lib : boot_cortex_m.c.obj (.stack)
                  20000274    000001fc     --HOLE--

__llvm_prf_cnts 
*          0    20000000    00000000     UNINITIALIZED

MODULE SUMMARY

       Module                         code   ro data   rw data
       ------                         ----   -------   -------
    .\
       tm4c123gh6pm_startup_ccs.obj   12     620       0      
       main.obj                       100    0         0      
    +--+------------------------------+------+---------+---------+
       Total:                         112    620       0      
                                                              
    .\driverlib\
       sysctl.obj                     3974   596       0      
       i2c.obj                        1784   128       0      
       interrupt.obj                  960    268       620    
       cpu.obj                        62     0         0      
    +--+------------------------------+------+---------+---------+
       Total:                         6780   992       620    
                                                              
    C:\ti\ccs1030\ccs\tools\compiler\ti-cgt-arm_20.2.4.LTS\lib\rtsv7M4_T_le_v4SPD16_eabi.lib
       autoinit.c.obj                 68     0         0      
       boot_cortex_m.c.obj            52     0         0      
       copy_zero_init.c.obj           28     0         0      
       exit.c.obj                     4      0         0      
       pre_init.c.obj                 4      0         0      
    +--+------------------------------+------+---------+---------+
       Total:                         156    0         0      
                                                              
       Stack:                         0      0         512    
       Linker Generated:              0      20        0      
    +--+------------------------------+------+---------+---------+
       Grand Total:                   7048   1632      1132   


LINKER GENERATED COPY TABLES

__TI_cinit_table @ 000021e4 records: 1, size/record: 8, table size: 8
	.vtable: load addr=000021d8, load size=00000008 bytes, run addr=20000000, run size=0000026c bytes, compression=zero_init


LINKER GENERATED HANDLER TABLE

__TI_handler_table @ 000021e0 records: 1, size/record: 4, table size: 4
	index: 0, handler: __TI_zero_init


GLOBAL SYMBOLS: SORTED ALPHABETICALLY BY Name 

address   name                            
-------   ----                            
00001df3  C$$EXIT                         
00001d81  CPUbasepriGet                   
00001d73  CPUbasepriSet                   
00001d4d  CPUcpsid                        
00001d63  CPUcpsie                        
00001d59  CPUprimask                      
00001d6f  CPUwfi                          
000017e3  I2CFIFODataGet                  
000017fd  I2CFIFODataGetNonBlocking       
00001799  I2CFIFODataPut                  
000017bb  I2CFIFODataPutNonBlocking       
00001789  I2CFIFOStatus                   
0000137d  I2CIntRegister                  
0000139b  I2CIntUnregister                
000018bf  I2CLoopbackEnable               
00001839  I2CMasterBurstCountGet          
00001823  I2CMasterBurstLengthSet         
000015e1  I2CMasterBusBusy                
000015c9  I2CMasterBusy                   
000015f9  I2CMasterControl                
0000164d  I2CMasterDataGet                
00001637  I2CMasterDataPut                
00001349  I2CMasterDisable                
00001315  I2CMasterEnable                 
0000160b  I2CMasterErr                    
00001847  I2CMasterGlitchFilterConfigSet  
0000124b  I2CMasterInitExpClk             
00001543  I2CMasterIntClear               
00001561  I2CMasterIntClearEx             
0000140f  I2CMasterIntDisable             
0000141f  I2CMasterIntDisableEx           
000013b5  I2CMasterIntEnable              
000013c5  I2CMasterIntEnableEx            
00001469  I2CMasterIntStatus              
000014ad  I2CMasterIntStatusEx            
000015bb  I2CMasterLineStateGet           
00001599  I2CMasterSlaveAddrSet           
0000165b  I2CMasterTimeoutSet             
00001749  I2CRxFIFOConfigSet              
00001771  I2CRxFIFOFlush                  
0000166d  I2CSlaveACKOverride             
0000169f  I2CSlaveACKValueSet             
000012d7  I2CSlaveAddressSet              
000016f9  I2CSlaveDataGet                 
000016e1  I2CSlaveDataPut                 
0000135f  I2CSlaveDisable                 
0000132b  I2CSlaveEnable                  
000018ad  I2CSlaveFIFODisable             
00001895  I2CSlaveFIFOEnable              
000012bd  I2CSlaveInit                    
00001573  I2CSlaveIntClear                
00001585  I2CSlaveIntClearEx              
00001437  I2CSlaveIntDisable              
0000144f  I2CSlaveIntDisableEx            
000013dd  I2CSlaveIntEnable               
000013f5  I2CSlaveIntEnableEx             
000014d9  I2CSlaveIntStatus               
00001521  I2CSlaveIntStatusEx             
000016d1  I2CSlaveStatus                  
00001709  I2CTxFIFOConfigSet              
00001731  I2CTxFIFOFlush                  
00001aa5  IntDisable                      
00001a33  IntEnable                       
00001b17  IntIsEnabled                    
000018f7  IntMasterDisable                
000018e7  IntMasterEnable                 
00001c0d  IntPendClear                    
00001b9d  IntPendSet                      
00001a0f  IntPriorityGet                  
00001987  IntPriorityGroupingGet          
0000196d  IntPriorityGroupingSet          
00001c67  IntPriorityMaskGet              
00001c5b  IntPriorityMaskSet              
000019bf  IntPrioritySet                  
00001907  IntRegister                     
00001c6f  IntTrigger                      
00001959  IntUnregister                   
00001ddd  ResetISR                        
000011a9  SysCtlAltClkConfig              
000008d1  SysCtlClockFreqSet              
00000d99  SysCtlClockGet                  
0000118d  SysCtlClockOutConfig            
00000bc9  SysCtlClockSet                  
000007d5  SysCtlDeepSleep                 
00000f5d  SysCtlDeepSleepClockConfigSet   
00000f3f  SysCtlDeepSleepClockSet         
000007b5  SysCtlDeepSleepPowerSet         
00001de9  SysCtlDelay                     
00000363  SysCtlFlashSectorSizeGet        
00000337  SysCtlFlashSizeGet              
00001033  SysCtlGPIOAHBDisable            
00001017  SysCtlGPIOAHBEnable             
00000749  SysCtlIntClear                  
00000731  SysCtlIntDisable                
0000071d  SysCtlIntEnable                 
000006f5  SysCtlIntRegister               
00000759  SysCtlIntStatus                 
0000070d  SysCtlIntUnregister             
0000079b  SysCtlLDODeepSleepGet           
0000078b  SysCtlLDODeepSleepSet           
00000785  SysCtlLDOSleepGet               
00000775  SysCtlLDOSleepSet               
0000080b  SysCtlMOSCConfigSet             
00001171  SysCtlNMIClear                  
0000115d  SysCtlNMIStatus                 
00000821  SysCtlPIOSCCalibrate            
00001001  SysCtlPWMClockGet               
00000fe7  SysCtlPWMClockSet               
000006a1  SysCtlPeripheralClockGating     
00000659  SysCtlPeripheralDeepSleepDisable
00000609  SysCtlPeripheralDeepSleepEnable 
00000545  SysCtlPeripheralDisable         
00000509  SysCtlPeripheralEnable          
00000445  SysCtlPeripheralPowerOff        
00000409  SysCtlPeripheralPowerOn         
00000389  SysCtlPeripheralPresent         
000003c9  SysCtlPeripheralReady           
00000481  SysCtlPeripheralReset           
000005cd  SysCtlPeripheralSleepDisable    
00000589  SysCtlPeripheralSleepEnable     
000007c5  SysCtlReset                     
00000881  SysCtlResetBehaviorGet          
00000871  SysCtlResetBehaviorSet          
000007f7  SysCtlResetCauseClear           
000007f1  SysCtlResetCauseGet             
0000032d  SysCtlSRAMSizeGet               
000007cd  SysCtlSleep                     
000007a1  SysCtlSleepPowerSet             
0000105b  SysCtlUSBPLLDisable             
0000104f  SysCtlUSBPLLEnable              
000010a1  SysCtlVCOGet                    
00001089  SysCtlVoltageEventClear         
0000106d  SysCtlVoltageEventConfig        
0000107d  SysCtlVoltageEventStatus        
20000470  __STACK_END                     
00000200  __STACK_SIZE                    
20000470  __STACK_TOP                     
000021e4  __TI_CINIT_Base                 
000021ec  __TI_CINIT_Limit                
000021e0  __TI_Handler_Table_Base         
000021e4  __TI_Handler_Table_Limit        
00001d09  __TI_auto_init_nobinit_nopinit  
ffffffff  __TI_pprof_out_hndl             
ffffffff  __TI_prof_data_size             
ffffffff  __TI_prof_data_start            
00000000  __TI_static_base__              
00001dc1  __TI_zero_init_nomemset         
ffffffff  __binit__                       
ffffffff  __c_args__                      
UNDEFED   __mpu_init                      
20000270  __stack                         
20000000  __start___llvm_prf_cnts         
20000000  __stop___llvm_prf_cnts          
00001d8d  _c_int00_noargs                 
UNDEFED   _system_post_cinit              
00001def  _system_pre_init                
00001df3  abort                           
ffffffff  binit                           
20000000  g_pfnRAMVectors                 
00000000  g_pfnVectors                    
00001cbb  intI2C_CONFIG                   
00001ca5  main                            


GLOBAL SYMBOLS: SORTED BY Symbol Address 

address   name                            
-------   ----                            
00000000  __TI_static_base__              
00000000  g_pfnVectors                    
00000200  __STACK_SIZE                    
0000032d  SysCtlSRAMSizeGet               
00000337  SysCtlFlashSizeGet              
00000363  SysCtlFlashSectorSizeGet        
00000389  SysCtlPeripheralPresent         
000003c9  SysCtlPeripheralReady           
00000409  SysCtlPeripheralPowerOn         
00000445  SysCtlPeripheralPowerOff        
00000481  SysCtlPeripheralReset           
00000509  SysCtlPeripheralEnable          
00000545  SysCtlPeripheralDisable         
00000589  SysCtlPeripheralSleepEnable     
000005cd  SysCtlPeripheralSleepDisable    
00000609  SysCtlPeripheralDeepSleepEnable 
00000659  SysCtlPeripheralDeepSleepDisable
000006a1  SysCtlPeripheralClockGating     
000006f5  SysCtlIntRegister               
0000070d  SysCtlIntUnregister             
0000071d  SysCtlIntEnable                 
00000731  SysCtlIntDisable                
00000749  SysCtlIntClear                  
00000759  SysCtlIntStatus                 
00000775  SysCtlLDOSleepSet               
00000785  SysCtlLDOSleepGet               
0000078b  SysCtlLDODeepSleepSet           
0000079b  SysCtlLDODeepSleepGet           
000007a1  SysCtlSleepPowerSet             
000007b5  SysCtlDeepSleepPowerSet         
000007c5  SysCtlReset                     
000007cd  SysCtlSleep                     
000007d5  SysCtlDeepSleep                 
000007f1  SysCtlResetCauseGet             
000007f7  SysCtlResetCauseClear           
0000080b  SysCtlMOSCConfigSet             
00000821  SysCtlPIOSCCalibrate            
00000871  SysCtlResetBehaviorSet          
00000881  SysCtlResetBehaviorGet          
000008d1  SysCtlClockFreqSet              
00000bc9  SysCtlClockSet                  
00000d99  SysCtlClockGet                  
00000f3f  SysCtlDeepSleepClockSet         
00000f5d  SysCtlDeepSleepClockConfigSet   
00000fe7  SysCtlPWMClockSet               
00001001  SysCtlPWMClockGet               
00001017  SysCtlGPIOAHBEnable             
00001033  SysCtlGPIOAHBDisable            
0000104f  SysCtlUSBPLLEnable              
0000105b  SysCtlUSBPLLDisable             
0000106d  SysCtlVoltageEventConfig        
0000107d  SysCtlVoltageEventStatus        
00001089  SysCtlVoltageEventClear         
000010a1  SysCtlVCOGet                    
0000115d  SysCtlNMIStatus                 
00001171  SysCtlNMIClear                  
0000118d  SysCtlClockOutConfig            
000011a9  SysCtlAltClkConfig              
0000124b  I2CMasterInitExpClk             
000012bd  I2CSlaveInit                    
000012d7  I2CSlaveAddressSet              
00001315  I2CMasterEnable                 
0000132b  I2CSlaveEnable                  
00001349  I2CMasterDisable                
0000135f  I2CSlaveDisable                 
0000137d  I2CIntRegister                  
0000139b  I2CIntUnregister                
000013b5  I2CMasterIntEnable              
000013c5  I2CMasterIntEnableEx            
000013dd  I2CSlaveIntEnable               
000013f5  I2CSlaveIntEnableEx             
0000140f  I2CMasterIntDisable             
0000141f  I2CMasterIntDisableEx           
00001437  I2CSlaveIntDisable              
0000144f  I2CSlaveIntDisableEx            
00001469  I2CMasterIntStatus              
000014ad  I2CMasterIntStatusEx            
000014d9  I2CSlaveIntStatus               
00001521  I2CSlaveIntStatusEx             
00001543  I2CMasterIntClear               
00001561  I2CMasterIntClearEx             
00001573  I2CSlaveIntClear                
00001585  I2CSlaveIntClearEx              
00001599  I2CMasterSlaveAddrSet           
000015bb  I2CMasterLineStateGet           
000015c9  I2CMasterBusy                   
000015e1  I2CMasterBusBusy                
000015f9  I2CMasterControl                
0000160b  I2CMasterErr                    
00001637  I2CMasterDataPut                
0000164d  I2CMasterDataGet                
0000165b  I2CMasterTimeoutSet             
0000166d  I2CSlaveACKOverride             
0000169f  I2CSlaveACKValueSet             
000016d1  I2CSlaveStatus                  
000016e1  I2CSlaveDataPut                 
000016f9  I2CSlaveDataGet                 
00001709  I2CTxFIFOConfigSet              
00001731  I2CTxFIFOFlush                  
00001749  I2CRxFIFOConfigSet              
00001771  I2CRxFIFOFlush                  
00001789  I2CFIFOStatus                   
00001799  I2CFIFODataPut                  
000017bb  I2CFIFODataPutNonBlocking       
000017e3  I2CFIFODataGet                  
000017fd  I2CFIFODataGetNonBlocking       
00001823  I2CMasterBurstLengthSet         
00001839  I2CMasterBurstCountGet          
00001847  I2CMasterGlitchFilterConfigSet  
00001895  I2CSlaveFIFOEnable              
000018ad  I2CSlaveFIFODisable             
000018bf  I2CLoopbackEnable               
000018e7  IntMasterEnable                 
000018f7  IntMasterDisable                
00001907  IntRegister                     
00001959  IntUnregister                   
0000196d  IntPriorityGroupingSet          
00001987  IntPriorityGroupingGet          
000019bf  IntPrioritySet                  
00001a0f  IntPriorityGet                  
00001a33  IntEnable                       
00001aa5  IntDisable                      
00001b17  IntIsEnabled                    
00001b9d  IntPendSet                      
00001c0d  IntPendClear                    
00001c5b  IntPriorityMaskSet              
00001c67  IntPriorityMaskGet              
00001c6f  IntTrigger                      
00001ca5  main                            
00001cbb  intI2C_CONFIG                   
00001d09  __TI_auto_init_nobinit_nopinit  
00001d4d  CPUcpsid                        
00001d59  CPUprimask                      
00001d63  CPUcpsie                        
00001d6f  CPUwfi                          
00001d73  CPUbasepriSet                   
00001d81  CPUbasepriGet                   
00001d8d  _c_int00_noargs                 
00001dc1  __TI_zero_init_nomemset         
00001ddd  ResetISR                        
00001de9  SysCtlDelay                     
00001def  _system_pre_init                
00001df3  C$$EXIT                         
00001df3  abort                           
000021e0  __TI_Handler_Table_Base         
000021e4  __TI_CINIT_Base                 
000021e4  __TI_Handler_Table_Limit        
000021ec  __TI_CINIT_Limit                
20000000  __start___llvm_prf_cnts         
20000000  __stop___llvm_prf_cnts          
20000000  g_pfnRAMVectors                 
20000270  __stack                         
20000470  __STACK_END                     
20000470  __STACK_TOP                     
ffffffff  __TI_pprof_out_hndl             
ffffffff  __TI_prof_data_size             
ffffffff  __TI_prof_data_start            
ffffffff  __binit__                       
ffffffff  __c_args__                      
ffffffff  binit                           
UNDEFED   __mpu_init                      
UNDEFED   _system_post_cinit              

[162 symbols]
